// Jest Snapshot v1, https://goo.gl/fbAQLP

exports[`App should match snapshot 1`] = `
<div
  className="App"
>
  <h1
    className="app-title"
  >
    Turing Cafe Reservations
  </h1>
  <div
    className="resy-form"
  >
    <Form
      postToAPI={[Function]}
      res={
        Array [
          Object {},
        ]
      }
    />
  </div>
  <div
    className="resy-container"
  >
    <CardArea
      cards={
        Array [
          Object {},
        ]
      }
    />
  </div>
</div>
`;
